<html>
<body>
<pre>
<h1>礦ision Build Log</h1>
<h2>Tool Versions:</h2>
IDE-Version: μVision V5.24.2.0
Copyright (C) 2017 ARM Ltd and ARM Germany GmbH. All rights reserved.
License Information: t t, t, LIC=GE701-CQBQ4-YBDE9-4L9A9-1IVFZ-GD5WY
 
Tool Versions:
Toolchain:       MDK-ARM Professional  Version: 5.24.1
Toolchain Path:  C:\Keil_v5\ARM\ARMCC\Bin
C Compiler:      Armcc.exe V5.06 update 5 (build 528)
Assembler:       Armasm.exe V5.06 update 5 (build 528)
Linker/Locator:  ArmLink.exe V5.06 update 5 (build 528)
Library Manager: ArmAr.exe V5.06 update 5 (build 528)
Hex Converter:   FromElf.exe V5.06 update 5 (build 528)
CPU DLL:         SARMCM3.DLL V5.24.1
Dialog DLL:      DCM.DLL V1.16.0.0
Target DLL:      STLink\ST-LINKIII-KEIL_SWO.dll V3.0.1.0
Dialog DLL:      TCM.DLL V1.32.0.0
 
<h2>Project:</h2>
D:\stm32\STM32F103 SDIO写入速度测试代码\USER\test.uvprojx
Project File Date:  03/13/2018

<h2>Output:</h2>
*** Using Compiler 'V5.06 update 5 (build 528)', folder: 'C:\Keil_v5\ARM\ARMCC\Bin'
Build target 'Target 1'
compiling test.c...
test.c(68): warning:  #167-D: argument of type "u8 *" is incompatible with parameter of type "char *restrict"
  			        sprintf(num, "%d", j);
test.c(70): warning:  #167-D: argument of type "u8 *" is incompatible with parameter of type "char *restrict"
  		          sprintf(num, "%d", res);
test.c(96): warning:  #167-D: argument of type "u8 *" is incompatible with parameter of type "char *restrict"
  			        sprintf(num, "%d", j);
test.c(98): warning:  #167-D: argument of type "u8 *" is incompatible with parameter of type "char *restrict"
  		          sprintf(num, "%d", res);
test.c(125): warning:  #167-D: argument of type "u8 *" is incompatible with parameter of type "char *restrict"
  			        sprintf(num, "%d", j);
test.c(127): warning:  #167-D: argument of type "u8 *" is incompatible with parameter of type "char *restrict"
  		          sprintf(num, "%d", res);
test.c(140): warning:  #167-D: argument of type "u8 *" is incompatible with parameter of type "char *restrict"
  		sprintf(num, "%d", j);
test.c(34): warning:  #177-D: variable "q"  was declared but never referenced
  	u32 j=0,k=0,q=0;
test.c: 8 warnings, 0 errors
linking...
Program Size: Code=10882 RO-data=2386 RW-data=64 ZI-data=1093024  
FromELF: creating hex file...
"..\OBJ\test.axf" - 0 Error(s), 8 Warning(s).

<h2>Software Packages used:</h2>

Package Vendor: Keil
                http://www.keil.com/pack/Keil.STM32F1xx_DFP.2.2.0.pack
                Keil.STM32F1xx_DFP.2.2.0
                STMicroelectronics STM32F1 Series Device Support, Drivers and Examples

<h2>Collection of Component include folders:</h2>
  .\RTE\_Target_1
  C:\Keil_v5\ARM\PACK\Keil\STM32F1xx_DFP\2.2.0\Device\Include

<h2>Collection of Component Files used:</h2>
Build Time Elapsed:  00:00:04
</pre>
</body>
</html>
